Copyright 1986-2022 Xilinx, Inc. All Rights Reserved. Copyright 2022-2026 Advanced Micro Devices, Inc. All Rights Reserved.
----------------------------------------------------------------------------------------------------------------------------------------------------------------------
| Tool Version : Vivado v.2026.1 (win64) Build 6511674 Tue Jun 16 11:02:23 MDT 2026
| Date         : Sat Oct  3 19:50:52 2026
| Host         : LAPTOP-BC1U3P79 running 64-bit major release  (build 9200)
| Command      : report_timing_summary -file {C:/Users/Shreyas Pattar/Documents/VLSI Projects/AXI_to_APB_Bridge/timing_summary.rpt} -delay_type min_max -max_paths 10
| Design       : axi_to_apb_bridge
| Device       : 7z010-clg400
| Speed File   : -1  PRODUCTION 1.12 2019-11-22
| Design State : Synthesized
----------------------------------------------------------------------------------------------------------------------------------------------------------------------

Timing Summary Report

------------------------------------------------------------------------------------------------
| Timer Settings
| --------------
------------------------------------------------------------------------------------------------

  Enable Multi Corner Analysis               :  Yes
  Enable Pessimism Removal                   :  Yes
  Pessimism Removal Resolution               :  Nearest Common Node
  Enable Input Delay Default Clock           :  No
  Enable Preset / Clear Arcs                 :  No
  Disable Flight Delays                      :  No
  Ignore I/O Paths                           :  No
  Timing Early Launch at Borrowing Latches   :  No
  Borrow Time for Max Delay Exceptions       :  Yes
  Merge Timing Exceptions                    :  Yes
  Inter-SLR Compensation                     :  Conservative

  Corner  Analyze    Analyze    
  Name    Max Paths  Min Paths  
  ------  ---------  ---------  
  Slow    Yes        Yes        
  Fast    Yes        Yes        


------------------------------------------------------------------------------------------------
| Report Methodology
| ------------------
------------------------------------------------------------------------------------------------

No report available as report_methodology has not been run prior. Run report_methodology on the current design for the summary of methodology violations.



check_timing report

Table of Contents
-----------------
1. checking no_clock (0)
2. checking constant_clock (0)
3. checking pulse_width_clock (0)
4. checking unconstrained_internal_endpoints (0)
5. checking no_input_delay (140)
6. checking no_output_delay (110)
7. checking multiple_clock (0)
8. checking generated_clocks (0)
9. checking loops (0)
10. checking partial_input_delay (0)
11. checking partial_output_delay (0)
12. checking latch_loops (0)

1. checking no_clock (0)
------------------------
 There are 0 register/latch pins with no clock.


2. checking constant_clock (0)
------------------------------
 There are 0 register/latch pins with constant_clock.


3. checking pulse_width_clock (0)
---------------------------------
 There are 0 register/latch pins which need pulse_width check


4. checking unconstrained_internal_endpoints (0)
------------------------------------------------
 There are 0 pins that are not constrained for maximum delay.

 There are 0 pins that are not constrained for maximum delay due to constant clock.


5. checking no_input_delay (140)
--------------------------------
 There are 140 input ports with no input delay specified. (HIGH)

 There are 0 input ports with no input delay but user has a false path constraint.


6. checking no_output_delay (110)
---------------------------------
 There are 110 ports with no output delay specified. (HIGH)

 There are 0 ports with no output delay but user has a false path constraint

 There are 0 ports with no output delay but with a timing clock defined on it or propagating through it


7. checking multiple_clock (0)
------------------------------
 There are 0 register/latch pins with multiple clocks.


8. checking generated_clocks (0)
--------------------------------
 There are 0 generated clocks that are not connected to a clock source.


9. checking loops (0)
---------------------
 There are 0 combinational loops in the design.


10. checking partial_input_delay (0)
------------------------------------
 There are 0 input ports with partial input delay specified.


11. checking partial_output_delay (0)
-------------------------------------
 There are 0 ports with partial output delay specified.


12. checking latch_loops (0)
----------------------------
 There are 0 combinational latch loops in the design through latch input



------------------------------------------------------------------------------------------------
| Design Timing Summary
| ---------------------
------------------------------------------------------------------------------------------------

    WNS(ns)      TNS(ns)  TNS Failing Endpoints  TNS Total Endpoints      WHS(ns)      THS(ns)  THS Failing Endpoints  THS Total Endpoints     WPWS(ns)     TPWS(ns)  TPWS Failing Endpoints  TPWS Total Endpoints  
    -------      -------  ---------------------  -------------------      -------      -------  ---------------------  -------------------     --------     --------  ----------------------  --------------------  
      7.247        0.000                      0                  253        0.151        0.000                      0                  253        4.500        0.000                       0                   182  


All user specified timing constraints are met.


------------------------------------------------------------------------------------------------
| Clock Summary
| -------------
------------------------------------------------------------------------------------------------

Clock  Waveform(ns)       Period(ns)      Frequency(MHz)
-----  ------------       ----------      --------------
aclk   {0.000 5.000}      10.000          100.000         


------------------------------------------------------------------------------------------------
| Intra Clock Table
| -----------------
------------------------------------------------------------------------------------------------

Clock             WNS(ns)      TNS(ns)  TNS Failing Endpoints  TNS Total Endpoints      WHS(ns)      THS(ns)  THS Failing Endpoints  THS Total Endpoints     WPWS(ns)     TPWS(ns)  TPWS Failing Endpoints  TPWS Total Endpoints  
-----             -------      -------  ---------------------  -------------------      -------      -------  ---------------------  -------------------     --------     --------  ----------------------  --------------------  
aclk                7.247        0.000                      0                  253        0.151        0.000                      0                  253        4.500        0.000                       0                   182  


------------------------------------------------------------------------------------------------
| Inter Clock Table
| -----------------
------------------------------------------------------------------------------------------------

From Clock    To Clock          WNS(ns)      TNS(ns)  TNS Failing Endpoints  TNS Total Endpoints      WHS(ns)      THS(ns)  THS Failing Endpoints  THS Total Endpoints  
----------    --------          -------      -------  ---------------------  -------------------      -------      -------  ---------------------  -------------------  


------------------------------------------------------------------------------------------------
| Other Path Groups Table
| -----------------------
------------------------------------------------------------------------------------------------

Path Group    From Clock    To Clock          WNS(ns)      TNS(ns)  TNS Failing Endpoints  TNS Total Endpoints      WHS(ns)      THS(ns)  THS Failing Endpoints  THS Total Endpoints  
----------    ----------    --------          -------      -------  ---------------------  -------------------      -------      -------  ---------------------  -------------------  


------------------------------------------------------------------------------------------------
| Timing Details
| --------------
------------------------------------------------------------------------------------------------


---------------------------------------------------------------------------------------------------
From Clock:  aclk
  To Clock:  aclk

Setup :            0  Failing Endpoints,  Worst Slack        7.247ns,  Total Violation        0.000ns
Hold  :            0  Failing Endpoints,  Worst Slack        0.151ns,  Total Violation        0.000ns
PW    :            0  Failing Endpoints,  Worst Slack        4.500ns,  Total Violation        0.000ns
---------------------------------------------------------------------------------------------------


Max Delay Paths
--------------------------------------------------------------------------------------
Slack (MET) :             7.247ns  (required time - arrival time)
  Source:                 FSM_sequential_state_reg[0]/C
                            (rising edge-triggered cell FDCE clocked by aclk  {rise@0.000ns fall@5.000ns period=10.000ns})
  Destination:            s_axi_bvalid_reg/D
                            (rising edge-triggered cell FDCE clocked by aclk  {rise@0.000ns fall@5.000ns period=10.000ns})
  Path Group:             aclk
  Path Type:              Setup (Max at Slow Process Corner)
  Requirement:            10.000ns  (aclk rise@10.000ns - aclk rise@0.000ns)
  Data Path Delay:        2.602ns  (logic 0.899ns (34.550%)  route 1.703ns (65.450%))
  Logic Levels:           2  (LUT4=1 LUT6=1)
  Clock Path Skew:        -0.145ns (DCD - SCD + CPR)
    Destination Clock Delay (DCD):    2.138ns = ( 12.138 - 10.000 ) 
    Source Clock Delay      (SCD):    2.467ns
    Clock Pessimism Removal (CPR):    0.184ns
  Clock Uncertainty:      0.035ns  ((TSJ^2 + TIJ^2)^1/2 + DJ) / 2 + PE
    Total System Jitter     (TSJ):    0.071ns
    Total Input Jitter      (TIJ):    0.000ns
    Discrete Jitter          (DJ):    0.000ns
    Phase Error              (PE):    0.000ns

    Location             Delay type                Incr(ns)  Path(ns)    Netlist Resource(s)
  -------------------------------------------------------------------    -------------------
                         (clock aclk rise edge)       0.000     0.000 r  <hidden>
                                                      0.000     0.000 r  aclk
                         net (fo=0)                   0.000     0.000    aclk
                         IBUF (Prop_ibuf_I_O)         0.982     0.982 r  aclk_IBUF_inst/O
                         net (fo=1, unplaced)         0.800     1.782    aclk_IBUF
                         BUFG (Prop_bufg_I_O)         0.101     1.883 r  aclk_IBUF_BUFG_inst/O
                         net (fo=181, unplaced)       0.584     2.467    aclk_IBUF_BUFG
                         FDCE                                         r  FSM_sequential_state_reg[0]/C
  -------------------------------------------------------------------    -------------------
                         FDCE (Prop_fdce_C_Q)         0.456     2.923 f  FSM_sequential_state_reg[0]/Q
                         net (fo=20, unplaced)        0.801     3.724    state[0]
                         LUT4 (Prop_lut4_I1_O)        0.319     4.043 r  s_axi_bvalid_i_2/O
                         net (fo=1, unplaced)         0.902     4.945    s_axi_bvalid_i_2_n_0
                         LUT6 (Prop_lut6_I0_O)        0.124     5.069 r  s_axi_bvalid_i_1/O
                         net (fo=1, unplaced)         0.000     5.069    s_axi_bvalid_i_1_n_0
                         FDCE                                         r  s_axi_bvalid_reg/D
  -------------------------------------------------------------------    -------------------

                         (clock aclk rise edge)      10.000    10.000 r  <hidden>
                                                      0.000    10.000 r  aclk
                         net (fo=0)                   0.000    10.000    aclk
                         IBUF (Prop_ibuf_I_O)         0.849    10.849 r  aclk_IBUF_inst/O
                         net (fo=1, unplaced)         0.760    11.608    aclk_IBUF
                         BUFG (Prop_bufg_I_O)         0.091    11.699 r  aclk_IBUF_BUFG_inst/O
                         net (fo=181, unplaced)       0.439    12.138    aclk_IBUF_BUFG
                         FDCE                                         r  s_axi_bvalid_reg/C
                         clock pessimism              0.184    12.322    <hidden>
                         clock uncertainty           -0.035    12.287    <hidden>
                         FDCE (Setup_fdce_C_D)        0.029    12.316    s_axi_bvalid_reg
  -------------------------------------------------------------------
                         required time                         12.316    <hidden>
                         arrival time                          -5.069    <hidden>
  -------------------------------------------------------------------
                         slack                                  7.247    <hidden>

Slack (MET) :             7.250ns  (required time - arrival time)
  Source:                 FSM_sequential_state_reg[1]/C
                            (rising edge-triggered cell FDCE clocked by aclk  {rise@0.000ns fall@5.000ns period=10.000ns})
  Destination:            s_axi_rvalid_reg/D
                            (rising edge-triggered cell FDCE clocked by aclk  {rise@0.000ns fall@5.000ns period=10.000ns})
  Path Group:             aclk
  Path Type:              Setup (Max at Slow Process Corner)
  Requirement:            10.000ns  (aclk rise@10.000ns - aclk rise@0.000ns)
  Data Path Delay:        2.599ns  (logic 0.899ns (34.590%)  route 1.700ns (65.410%))
  Logic Levels:           2  (LUT4=1 LUT6=1)
  Clock Path Skew:        -0.145ns (DCD - SCD + CPR)
    Destination Clock Delay (DCD):    2.138ns = ( 12.138 - 10.000 ) 
    Source Clock Delay      (SCD):    2.467ns
    Clock Pessimism Removal (CPR):    0.184ns
  Clock Uncertainty:      0.035ns  ((TSJ^2 + TIJ^2)^1/2 + DJ) / 2 + PE
    Total System Jitter     (TSJ):    0.071ns
    Total Input Jitter      (TIJ):    0.000ns
    Discrete Jitter          (DJ):    0.000ns
    Phase Error              (PE):    0.000ns

    Location             Delay type                Incr(ns)  Path(ns)    Netlist Resource(s)
  -------------------------------------------------------------------    -------------------
                         (clock aclk rise edge)       0.000     0.000 r  <hidden>
                                                      0.000     0.000 r  aclk
                         net (fo=0)                   0.000     0.000    aclk
                         IBUF (Prop_ibuf_I_O)         0.982     0.982 r  aclk_IBUF_inst/O
                         net (fo=1, unplaced)         0.800     1.782    aclk_IBUF
                         BUFG (Prop_bufg_I_O)         0.101     1.883 r  aclk_IBUF_BUFG_inst/O
                         net (fo=181, unplaced)       0.584     2.467    aclk_IBUF_BUFG
                         FDCE                                         r  FSM_sequential_state_reg[1]/C
  -------------------------------------------------------------------    -------------------
                         FDCE (Prop_fdce_C_Q)         0.456     2.923 r  FSM_sequential_state_reg[1]/Q
                         net (fo=18, unplaced)        0.798     3.721    state[1]
                         LUT4 (Prop_lut4_I1_O)        0.319     4.040 r  s_axi_rvalid_i_2/O
                         net (fo=1, unplaced)         0.902     4.942    s_axi_rvalid_i_2_n_0
                         LUT6 (Prop_lut6_I0_O)        0.124     5.066 r  s_axi_rvalid_i_1/O
                         net (fo=1, unplaced)         0.000     5.066    s_axi_rvalid_i_1_n_0
                         FDCE                                         r  s_axi_rvalid_reg/D
  -------------------------------------------------------------------    -------------------

                         (clock aclk rise edge)      10.000    10.000 r  <hidden>
                                                      0.000    10.000 r  aclk
                         net (fo=0)                   0.000    10.000    aclk
                         IBUF (Prop_ibuf_I_O)         0.849    10.849 r  aclk_IBUF_inst/O
                         net (fo=1, unplaced)         0.760    11.608    aclk_IBUF
                         BUFG (Prop_bufg_I_O)         0.091    11.699 r  aclk_IBUF_BUFG_inst/O
                         net (fo=181, unplaced)       0.439    12.138    aclk_IBUF_BUFG
                         FDCE                                         r  s_axi_rvalid_reg/C
                         clock pessimism              0.184    12.322    <hidden>
                         clock uncertainty           -0.035    12.287    <hidden>
                         FDCE (Setup_fdce_C_D)        0.029    12.316    s_axi_rvalid_reg
  -------------------------------------------------------------------
                         required time                         12.316    <hidden>
                         arrival time                          -5.066    <hidden>
  -------------------------------------------------------------------
                         slack                                  7.250    <hidden>

Slack (MET) :             7.282ns  (required time - arrival time)
  Source:                 FSM_sequential_state_reg[0]/C
                            (rising edge-triggered cell FDCE clocked by aclk  {rise@0.000ns fall@5.000ns period=10.000ns})
  Destination:            FSM_sequential_state_reg[0]/D
                            (rising edge-triggered cell FDCE clocked by aclk  {rise@0.000ns fall@5.000ns period=10.000ns})
  Path Group:             aclk
  Path Type:              Setup (Max at Slow Process Corner)
  Requirement:            10.000ns  (aclk rise@10.000ns - aclk rise@0.000ns)
  Data Path Delay:        2.567ns  (logic 1.296ns (50.487%)  route 1.271ns (49.513%))
  Logic Levels:           3  (LUT5=1 LUT6=1 MUXF7=1)
  Clock Path Skew:        -0.145ns (DCD - SCD + CPR)
    Destination Clock Delay (DCD):    2.138ns = ( 12.138 - 10.000 ) 
    Source Clock Delay      (SCD):    2.467ns
    Clock Pessimism Removal (CPR):    0.184ns
  Clock Uncertainty:      0.035ns  ((TSJ^2 + TIJ^2)^1/2 + DJ) / 2 + PE
    Total System Jitter     (TSJ):    0.071ns
    Total Input Jitter      (TIJ):    0.000ns
    Discrete Jitter          (DJ):    0.000ns
    Phase Error              (PE):    0.000ns

    Location             Delay type                Incr(ns)  Path(ns)    Netlist Resource(s)
  -------------------------------------------------------------------    -------------------
                         (clock aclk rise edge)       0.000     0.000 r  <hidden>
                                                      0.000     0.000 r  aclk
                         net (fo=0)                   0.000     0.000    aclk
                         IBUF (Prop_ibuf_I_O)         0.982     0.982 r  aclk_IBUF_inst/O
                         net (fo=1, unplaced)         0.800     1.782    aclk_IBUF
                         BUFG (Prop_bufg_I_O)         0.101     1.883 r  aclk_IBUF_BUFG_inst/O
                         net (fo=181, unplaced)       0.584     2.467    aclk_IBUF_BUFG
                         FDCE                                         r  FSM_sequential_state_reg[0]/C
  -------------------------------------------------------------------    -------------------
                         FDCE (Prop_fdce_C_Q)         0.456     2.923 r  FSM_sequential_state_reg[0]/Q
                         net (fo=20, unplaced)        0.801     3.724    state[0]
                         LUT5 (Prop_lut5_I2_O)        0.295     4.019 r  FSM_sequential_state[2]_i_6/O
                         net (fo=1, unplaced)         0.000     4.019    FSM_sequential_state[2]_i_6_n_0
                         MUXF7 (Prop_muxf7_I1_O)      0.247     4.266 r  FSM_sequential_state_reg[2]_i_4/O
                         net (fo=3, unplaced)         0.470     4.736    FSM_sequential_state_reg[2]_i_4_n_0
                         LUT6 (Prop_lut6_I4_O)        0.298     5.034 r  FSM_sequential_state[0]_i_1/O
                         net (fo=1, unplaced)         0.000     5.034    FSM_sequential_state[0]_i_1_n_0
                         FDCE                                         r  FSM_sequential_state_reg[0]/D
  -------------------------------------------------------------------    -------------------

                         (clock aclk rise edge)      10.000    10.000 r  <hidden>
                                                      0.000    10.000 r  aclk
                         net (fo=0)                   0.000    10.000    aclk
                         IBUF (Prop_ibuf_I_O)         0.849    10.849 r  aclk_IBUF_inst/O
                         net (fo=1, unplaced)         0.760    11.608    aclk_IBUF
                         BUFG (Prop_bufg_I_O)         0.091    11.699 r  aclk_IBUF_BUFG_inst/O
                         net (fo=181, unplaced)       0.439    12.138    aclk_IBUF_BUFG
                         FDCE                                         r  FSM_sequential_state_reg[0]/C
                         clock pessimism              0.184    12.322    <hidden>
                         clock uncertainty           -0.035    12.287    <hidden>
                         FDCE (Setup_fdce_C_D)        0.029    12.316    FSM_sequential_state_reg[0]
  -------------------------------------------------------------------
                         required time                         12.316    <hidden>
                         arrival time                          -5.034    <hidden>
  -------------------------------------------------------------------
                         slack                                  7.282    <hidden>

Slack (MET) :             7.282ns  (required time - arrival time)
  Source:                 FSM_sequential_state_reg[0]/C
                            (rising edge-triggered cell FDCE clocked by aclk  {rise@0.000ns fall@5.000ns period=10.000ns})
  Destination:            FSM_sequential_state_reg[1]/D
                            (rising edge-triggered cell FDCE clocked by aclk  {rise@0.000ns fall@5.000ns period=10.000ns})
  Path Group:             aclk
  Path Type:              Setup (Max at Slow Process Corner)
  Requirement:            10.000ns  (aclk rise@10.000ns - aclk rise@0.000ns)
  Data Path Delay:        2.567ns  (logic 1.296ns (50.487%)  route 1.271ns (49.513%))
  Logic Levels:           3  (LUT5=1 LUT6=1 MUXF7=1)
  Clock Path Skew:        -0.145ns (DCD - SCD + CPR)
    Destination Clock Delay (DCD):    2.138ns = ( 12.138 - 10.000 ) 
    Source Clock Delay      (SCD):    2.467ns
    Clock Pessimism Removal (CPR):    0.184ns
  Clock Uncertainty:      0.035ns  ((TSJ^2 + TIJ^2)^1/2 + DJ) / 2 + PE
    Total System Jitter     (TSJ):    0.071ns
    Total Input Jitter      (TIJ):    0.000ns
    Discrete Jitter          (DJ):    0.000ns
    Phase Error              (PE):    0.000ns

    Location             Delay type                Incr(ns)  Path(ns)    Netlist Resource(s)
  -------------------------------------------------------------------    -------------------
                         (clock aclk rise edge)       0.000     0.000 r  <hidden>
                                                      0.000     0.000 r  aclk
                         net (fo=0)                   0.000     0.000    aclk
                         IBUF (Prop_ibuf_I_O)         0.982     0.982 r  aclk_IBUF_inst/O
                         net (fo=1, unplaced)         0.800     1.782    aclk_IBUF
                         BUFG (Prop_bufg_I_O)         0.101     1.883 r  aclk_IBUF_BUFG_inst/O
                         net (fo=181, unplaced)       0.584     2.467    aclk_IBUF_BUFG
                         FDCE                                         r  FSM_sequential_state_reg[0]/C
  -------------------------------------------------------------------    -------------------
                         FDCE (Prop_fdce_C_Q)         0.456     2.923 r  FSM_sequential_state_reg[0]/Q
                         net (fo=20, unplaced)        0.801     3.724    state[0]
                         LUT5 (Prop_lut5_I2_O)        0.295     4.019 r  FSM_sequential_state[2]_i_6/O
                         net (fo=1, unplaced)         0.000     4.019    FSM_sequential_state[2]_i_6_n_0
                         MUXF7 (Prop_muxf7_I1_O)      0.247     4.266 r  FSM_sequential_state_reg[2]_i_4/O
                         net (fo=3, unplaced)         0.470     4.736    FSM_sequential_state_reg[2]_i_4_n_0
                         LUT6 (Prop_lut6_I4_O)        0.298     5.034 r  FSM_sequential_state[1]_i_1/O
                         net (fo=1, unplaced)         0.000     5.034    FSM_sequential_state[1]_i_1_n_0
                         FDCE                                         r  FSM_sequential_state_reg[1]/D
  -------------------------------------------------------------------    -------------------

                         (clock aclk rise edge)      10.000    10.000 r  <hidden>
                                                      0.000    10.000 r  aclk
                         net (fo=0)                   0.000    10.000    aclk
                         IBUF (Prop_ibuf_I_O)         0.849    10.849 r  aclk_IBUF_inst/O
                         net (fo=1, unplaced)         0.760    11.608    aclk_IBUF
                         BUFG (Prop_bufg_I_O)         0.091    11.699 r  aclk_IBUF_BUFG_inst/O
                         net (fo=181, unplaced)       0.439    12.138    aclk_IBUF_BUFG
                         FDCE                                         r  FSM_sequential_state_reg[1]/C
                         clock pessimism              0.184    12.322    <hidden>
                         clock uncertainty           -0.035    12.287    <hidden>
                         FDCE (Setup_fdce_C_D)        0.029    12.316    FSM_sequential_state_reg[1]
  -------------------------------------------------------------------
                         required time                         12.316    <hidden>
                         arrival time                          -5.034    <hidden>
  -------------------------------------------------------------------
                         slack                                  7.282    <hidden>

Slack (MET) :             7.282ns  (required time - arrival time)
  Source:                 FSM_sequential_state_reg[0]/C
                            (rising edge-triggered cell FDCE clocked by aclk  {rise@0.000ns fall@5.000ns period=10.000ns})
  Destination:            FSM_sequential_state_reg[2]/D
                            (rising edge-triggered cell FDCE clocked by aclk  {rise@0.000ns fall@5.000ns period=10.000ns})
  Path Group:             aclk
  Path Type:              Setup (Max at Slow Process Corner)
  Requirement:            10.000ns  (aclk rise@10.000ns - aclk rise@0.000ns)
  Data Path Delay:        2.567ns  (logic 1.296ns (50.487%)  route 1.271ns (49.513%))
  Logic Levels:           3  (LUT5=1 LUT6=1 MUXF7=1)
  Clock Path Skew:        -0.145ns (DCD - SCD + CPR)
    Destination Clock Delay (DCD):    2.138ns = ( 12.138 - 10.000 ) 
    Source Clock Delay      (SCD):    2.467ns
    Clock Pessimism Removal (CPR):    0.184ns
  Clock Uncertainty:      0.035ns  ((TSJ^2 + TIJ^2)^1/2 + DJ) / 2 + PE
    Total System Jitter     (TSJ):    0.071ns
    Total Input Jitter      (TIJ):    0.000ns
    Discrete Jitter          (DJ):    0.000ns
    Phase Error              (PE):    0.000ns

    Location             Delay type                Incr(ns)  Path(ns)    Netlist Resource(s)
  -------------------------------------------------------------------    -------------------
                         (clock aclk rise edge)       0.000     0.000 r  <hidden>
                                                      0.000     0.000 r  aclk
                         net (fo=0)                   0.000     0.000    aclk
                         IBUF (Prop_ibuf_I_O)         0.982     0.982 r  aclk_IBUF_inst/O
                         net (fo=1, unplaced)         0.800     1.782    aclk_IBUF
                         BUFG (Prop_bufg_I_O)         0.101     1.883 r  aclk_IBUF_BUFG_inst/O
                         net (fo=181, unplaced)       0.584     2.467    aclk_IBUF_BUFG
                         FDCE                                         r  FSM_sequential_state_reg[0]/C
  -------------------------------------------------------------------    -------------------
                         FDCE (Prop_fdce_C_Q)         0.456     2.923 r  FSM_sequential_state_reg[0]/Q
                         net (fo=20, unplaced)        0.801     3.724    state[0]
                         LUT5 (Prop_lut5_I2_O)        0.295     4.019 r  FSM_sequential_state[2]_i_6/O
                         net (fo=1, unplaced)         0.000     4.019    FSM_sequential_state[2]_i_6_n_0
                         MUXF7 (Prop_muxf7_I1_O)      0.247     4.266 r  FSM_sequential_state_reg[2]_i_4/O
                         net (fo=3, unplaced)         0.470     4.736    FSM_sequential_state_reg[2]_i_4_n_0
                         LUT6 (Prop_lut6_I5_O)        0.298     5.034 r  FSM_sequential_state[2]_i_1/O
                         net (fo=1, unplaced)         0.000     5.034    FSM_sequential_state[2]_i_1_n_0
                         FDCE                                         r  FSM_sequential_state_reg[2]/D
  -------------------------------------------------------------------    -------------------

                         (clock aclk rise edge)      10.000    10.000 r  <hidden>
                                                      0.000    10.000 r  aclk
                         net (fo=0)                   0.000    10.000    aclk
                         IBUF (Prop_ibuf_I_O)         0.849    10.849 r  aclk_IBUF_inst/O
                         net (fo=1, unplaced)         0.760    11.608    aclk_IBUF
                         BUFG (Prop_bufg_I_O)         0.091    11.699 r  aclk_IBUF_BUFG_inst/O
                         net (fo=181, unplaced)       0.439    12.138    aclk_IBUF_BUFG
                         FDCE                                         r  FSM_sequential_state_reg[2]/C
                         clock pessimism              0.184    12.322    <hidden>
                         clock uncertainty           -0.035    12.287    <hidden>
                         FDCE (Setup_fdce_C_D)        0.029    12.316    FSM_sequential_state_reg[2]
  -------------------------------------------------------------------
                         required time                         12.316    <hidden>
                         arrival time                          -5.034    <hidden>
  -------------------------------------------------------------------
                         slack                                  7.282    <hidden>

Slack (MET) :             7.297ns  (required time - arrival time)
  Source:                 FSM_sequential_state_reg[0]/C
                            (rising edge-triggered cell FDCE clocked by aclk  {rise@0.000ns fall@5.000ns period=10.000ns})
  Destination:            reg_addr_reg[0]/CE
                            (rising edge-triggered cell FDCE clocked by aclk  {rise@0.000ns fall@5.000ns period=10.000ns})
  Path Group:             aclk
  Path Type:              Setup (Max at Slow Process Corner)
  Requirement:            10.000ns  (aclk rise@10.000ns - aclk rise@0.000ns)
  Data Path Delay:        2.321ns  (logic 0.751ns (32.357%)  route 1.570ns (67.643%))
  Logic Levels:           1  (LUT6=1)
  Clock Path Skew:        -0.145ns (DCD - SCD + CPR)
    Destination Clock Delay (DCD):    2.138ns = ( 12.138 - 10.000 ) 
    Source Clock Delay      (SCD):    2.467ns
    Clock Pessimism Removal (CPR):    0.184ns
  Clock Uncertainty:      0.035ns  ((TSJ^2 + TIJ^2)^1/2 + DJ) / 2 + PE
    Total System Jitter     (TSJ):    0.071ns
    Total Input Jitter      (TIJ):    0.000ns
    Discrete Jitter          (DJ):    0.000ns
    Phase Error              (PE):    0.000ns

    Location             Delay type                Incr(ns)  Path(ns)    Netlist Resource(s)
  -------------------------------------------------------------------    -------------------
                         (clock aclk rise edge)       0.000     0.000 r  <hidden>
                                                      0.000     0.000 r  aclk
                         net (fo=0)                   0.000     0.000    aclk
                         IBUF (Prop_ibuf_I_O)         0.982     0.982 r  aclk_IBUF_inst/O
                         net (fo=1, unplaced)         0.800     1.782    aclk_IBUF
                         BUFG (Prop_bufg_I_O)         0.101     1.883 r  aclk_IBUF_BUFG_inst/O
                         net (fo=181, unplaced)       0.584     2.467    aclk_IBUF_BUFG
                         FDCE                                         r  FSM_sequential_state_reg[0]/C
  -------------------------------------------------------------------    -------------------
                         FDCE (Prop_fdce_C_Q)         0.456     2.923 f  FSM_sequential_state_reg[0]/Q
                         net (fo=20, unplaced)        1.025     3.948    state[0]
                         LUT6 (Prop_lut6_I0_O)        0.295     4.243 r  reg_addr[31]_i_1/O
                         net (fo=33, unplaced)        0.545     4.788    reg_addr[31]_i_1_n_0
                         FDCE                                         r  reg_addr_reg[0]/CE
  -------------------------------------------------------------------    -------------------

                         (clock aclk rise edge)      10.000    10.000 r  <hidden>
                                                      0.000    10.000 r  aclk
                         net (fo=0)                   0.000    10.000    aclk
                         IBUF (Prop_ibuf_I_O)         0.849    10.849 r  aclk_IBUF_inst/O
                         net (fo=1, unplaced)         0.760    11.608    aclk_IBUF
                         BUFG (Prop_bufg_I_O)         0.091    11.699 r  aclk_IBUF_BUFG_inst/O
                         net (fo=181, unplaced)       0.439    12.138    aclk_IBUF_BUFG
                         FDCE                                         r  reg_addr_reg[0]/C
                         clock pessimism              0.184    12.322    <hidden>
                         clock uncertainty           -0.035    12.287    <hidden>
                         FDCE (Setup_fdce_C_CE)      -0.202    12.085    reg_addr_reg[0]
  -------------------------------------------------------------------
                         required time                         12.085    <hidden>
                         arrival time                          -4.788    <hidden>
  -------------------------------------------------------------------
                         slack                                  7.297    <hidden>

Slack (MET) :             7.297ns  (required time - arrival time)
  Source:                 FSM_sequential_state_reg[0]/C
                            (rising edge-triggered cell FDCE clocked by aclk  {rise@0.000ns fall@5.000ns period=10.000ns})
  Destination:            reg_addr_reg[10]/CE
                            (rising edge-triggered cell FDCE clocked by aclk  {rise@0.000ns fall@5.000ns period=10.000ns})
  Path Group:             aclk
  Path Type:              Setup (Max at Slow Process Corner)
  Requirement:            10.000ns  (aclk rise@10.000ns - aclk rise@0.000ns)
  Data Path Delay:        2.321ns  (logic 0.751ns (32.357%)  route 1.570ns (67.643%))
  Logic Levels:           1  (LUT6=1)
  Clock Path Skew:        -0.145ns (DCD - SCD + CPR)
    Destination Clock Delay (DCD):    2.138ns = ( 12.138 - 10.000 ) 
    Source Clock Delay      (SCD):    2.467ns
    Clock Pessimism Removal (CPR):    0.184ns
  Clock Uncertainty:      0.035ns  ((TSJ^2 + TIJ^2)^1/2 + DJ) / 2 + PE
    Total System Jitter     (TSJ):    0.071ns
    Total Input Jitter      (TIJ):    0.000ns
    Discrete Jitter          (DJ):    0.000ns
    Phase Error              (PE):    0.000ns

    Location             Delay type                Incr(ns)  Path(ns)    Netlist Resource(s)
  -------------------------------------------------------------------    -------------------
                         (clock aclk rise edge)       0.000     0.000 r  <hidden>
                                                      0.000     0.000 r  aclk
                         net (fo=0)                   0.000     0.000    aclk
                         IBUF (Prop_ibuf_I_O)         0.982     0.982 r  aclk_IBUF_inst/O
                         net (fo=1, unplaced)         0.800     1.782    aclk_IBUF
                         BUFG (Prop_bufg_I_O)         0.101     1.883 r  aclk_IBUF_BUFG_inst/O
                         net (fo=181, unplaced)       0.584     2.467    aclk_IBUF_BUFG
                         FDCE                                         r  FSM_sequential_state_reg[0]/C
  -------------------------------------------------------------------    -------------------
                         FDCE (Prop_fdce_C_Q)         0.456     2.923 f  FSM_sequential_state_reg[0]/Q
                         net (fo=20, unplaced)        1.025     3.948    state[0]
                         LUT6 (Prop_lut6_I0_O)        0.295     4.243 r  reg_addr[31]_i_1/O
                         net (fo=33, unplaced)        0.545     4.788    reg_addr[31]_i_1_n_0
                         FDCE                                         r  reg_addr_reg[10]/CE
  -------------------------------------------------------------------    -------------------

                         (clock aclk rise edge)      10.000    10.000 r  <hidden>
                                                      0.000    10.000 r  aclk
                         net (fo=0)                   0.000    10.000    aclk
                         IBUF (Prop_ibuf_I_O)         0.849    10.849 r  aclk_IBUF_inst/O
                         net (fo=1, unplaced)         0.760    11.608    aclk_IBUF
                         BUFG (Prop_bufg_I_O)         0.091    11.699 r  aclk_IBUF_BUFG_inst/O
                         net (fo=181, unplaced)       0.439    12.138    aclk_IBUF_BUFG
                         FDCE                                         r  reg_addr_reg[10]/C
                         clock pessimism              0.184    12.322    <hidden>
                         clock uncertainty           -0.035    12.287    <hidden>
                         FDCE (Setup_fdce_C_CE)      -0.202    12.085    reg_addr_reg[10]
  -------------------------------------------------------------------
                         required time                         12.085    <hidden>
                         arrival time                          -4.788    <hidden>
  -------------------------------------------------------------------
                         slack                                  7.297    <hidden>

Slack (MET) :             7.297ns  (required time - arrival time)
  Source:                 FSM_sequential_state_reg[0]/C
                            (rising edge-triggered cell FDCE clocked by aclk  {rise@0.000ns fall@5.000ns period=10.000ns})
  Destination:            reg_addr_reg[11]/CE
                            (rising edge-triggered cell FDCE clocked by aclk  {rise@0.000ns fall@5.000ns period=10.000ns})
  Path Group:             aclk
  Path Type:              Setup (Max at Slow Process Corner)
  Requirement:            10.000ns  (aclk rise@10.000ns - aclk rise@0.000ns)
  Data Path Delay:        2.321ns  (logic 0.751ns (32.357%)  route 1.570ns (67.643%))
  Logic Levels:           1  (LUT6=1)
  Clock Path Skew:        -0.145ns (DCD - SCD + CPR)
    Destination Clock Delay (DCD):    2.138ns = ( 12.138 - 10.000 ) 
    Source Clock Delay      (SCD):    2.467ns
    Clock Pessimism Removal (CPR):    0.184ns
  Clock Uncertainty:      0.035ns  ((TSJ^2 + TIJ^2)^1/2 + DJ) / 2 + PE
    Total System Jitter     (TSJ):    0.071ns
    Total Input Jitter      (TIJ):    0.000ns
    Discrete Jitter          (DJ):    0.000ns
    Phase Error              (PE):    0.000ns

    Location             Delay type                Incr(ns)  Path(ns)    Netlist Resource(s)
  -------------------------------------------------------------------    -------------------
                         (clock aclk rise edge)       0.000     0.000 r  <hidden>
                                                      0.000     0.000 r  aclk
                         net (fo=0)                   0.000     0.000    aclk
                         IBUF (Prop_ibuf_I_O)         0.982     0.982 r  aclk_IBUF_inst/O
                         net (fo=1, unplaced)         0.800     1.782    aclk_IBUF
                         BUFG (Prop_bufg_I_O)         0.101     1.883 r  aclk_IBUF_BUFG_inst/O
                         net (fo=181, unplaced)       0.584     2.467    aclk_IBUF_BUFG
                         FDCE                                         r  FSM_sequential_state_reg[0]/C
  -------------------------------------------------------------------    -------------------
                         FDCE (Prop_fdce_C_Q)         0.456     2.923 f  FSM_sequential_state_reg[0]/Q
                         net (fo=20, unplaced)        1.025     3.948    state[0]
                         LUT6 (Prop_lut6_I0_O)        0.295     4.243 r  reg_addr[31]_i_1/O
                         net (fo=33, unplaced)        0.545     4.788    reg_addr[31]_i_1_n_0
                         FDCE                                         r  reg_addr_reg[11]/CE
  -------------------------------------------------------------------    -------------------

                         (clock aclk rise edge)      10.000    10.000 r  <hidden>
                                                      0.000    10.000 r  aclk
                         net (fo=0)                   0.000    10.000    aclk
                         IBUF (Prop_ibuf_I_O)         0.849    10.849 r  aclk_IBUF_inst/O
                         net (fo=1, unplaced)         0.760    11.608    aclk_IBUF
                         BUFG (Prop_bufg_I_O)         0.091    11.699 r  aclk_IBUF_BUFG_inst/O
                         net (fo=181, unplaced)       0.439    12.138    aclk_IBUF_BUFG
                         FDCE                                         r  reg_addr_reg[11]/C
                         clock pessimism              0.184    12.322    <hidden>
                         clock uncertainty           -0.035    12.287    <hidden>
                         FDCE (Setup_fdce_C_CE)      -0.202    12.085    reg_addr_reg[11]
  -------------------------------------------------------------------
                         required time                         12.085    <hidden>
                         arrival time                          -4.788    <hidden>
  -------------------------------------------------------------------
                         slack                                  7.297    <hidden>

Slack (MET) :             7.297ns  (required time - arrival time)
  Source:                 FSM_sequential_state_reg[0]/C
                            (rising edge-triggered cell FDCE clocked by aclk  {rise@0.000ns fall@5.000ns period=10.000ns})
  Destination:            reg_addr_reg[12]/CE
                            (rising edge-triggered cell FDCE clocked by aclk  {rise@0.000ns fall@5.000ns period=10.000ns})
  Path Group:             aclk
  Path Type:              Setup (Max at Slow Process Corner)
  Requirement:            10.000ns  (aclk rise@10.000ns - aclk rise@0.000ns)
  Data Path Delay:        2.321ns  (logic 0.751ns (32.357%)  route 1.570ns (67.643%))
  Logic Levels:           1  (LUT6=1)
  Clock Path Skew:        -0.145ns (DCD - SCD + CPR)
    Destination Clock Delay (DCD):    2.138ns = ( 12.138 - 10.000 ) 
    Source Clock Delay      (SCD):    2.467ns
    Clock Pessimism Removal (CPR):    0.184ns
  Clock Uncertainty:      0.035ns  ((TSJ^2 + TIJ^2)^1/2 + DJ) / 2 + PE
    Total System Jitter     (TSJ):    0.071ns
    Total Input Jitter      (TIJ):    0.000ns
    Discrete Jitter          (DJ):    0.000ns
    Phase Error              (PE):    0.000ns

    Location             Delay type                Incr(ns)  Path(ns)    Netlist Resource(s)
  -------------------------------------------------------------------    -------------------
                         (clock aclk rise edge)       0.000     0.000 r  <hidden>
                                                      0.000     0.000 r  aclk
                         net (fo=0)                   0.000     0.000    aclk
                         IBUF (Prop_ibuf_I_O)         0.982     0.982 r  aclk_IBUF_inst/O
                         net (fo=1, unplaced)         0.800     1.782    aclk_IBUF
                         BUFG (Prop_bufg_I_O)         0.101     1.883 r  aclk_IBUF_BUFG_inst/O
                         net (fo=181, unplaced)       0.584     2.467    aclk_IBUF_BUFG
                         FDCE                                         r  FSM_sequential_state_reg[0]/C
  -------------------------------------------------------------------    -------------------
                         FDCE (Prop_fdce_C_Q)         0.456     2.923 f  FSM_sequential_state_reg[0]/Q
                         net (fo=20, unplaced)        1.025     3.948    state[0]
                         LUT6 (Prop_lut6_I0_O)        0.295     4.243 r  reg_addr[31]_i_1/O
                         net (fo=33, unplaced)        0.545     4.788    reg_addr[31]_i_1_n_0
                         FDCE                                         r  reg_addr_reg[12]/CE
  -------------------------------------------------------------------    -------------------

                         (clock aclk rise edge)      10.000    10.000 r  <hidden>
                                                      0.000    10.000 r  aclk
                         net (fo=0)                   0.000    10.000    aclk
                         IBUF (Prop_ibuf_I_O)         0.849    10.849 r  aclk_IBUF_inst/O
                         net (fo=1, unplaced)         0.760    11.608    aclk_IBUF
                         BUFG (Prop_bufg_I_O)         0.091    11.699 r  aclk_IBUF_BUFG_inst/O
                         net (fo=181, unplaced)       0.439    12.138    aclk_IBUF_BUFG
                         FDCE                                         r  reg_addr_reg[12]/C
                         clock pessimism              0.184    12.322    <hidden>
                         clock uncertainty           -0.035    12.287    <hidden>
                         FDCE (Setup_fdce_C_CE)      -0.202    12.085    reg_addr_reg[12]
  -------------------------------------------------------------------
                         required time                         12.085    <hidden>
                         arrival time                          -4.788    <hidden>
  -------------------------------------------------------------------
                         slack                                  7.297    <hidden>

Slack (MET) :             7.297ns  (required time - arrival time)
  Source:                 FSM_sequential_state_reg[0]/C
                            (rising edge-triggered cell FDCE clocked by aclk  {rise@0.000ns fall@5.000ns period=10.000ns})
  Destination:            reg_addr_reg[13]/CE
                            (rising edge-triggered cell FDCE clocked by aclk  {rise@0.000ns fall@5.000ns period=10.000ns})
  Path Group:             aclk
  Path Type:              Setup (Max at Slow Process Corner)
  Requirement:            10.000ns  (aclk rise@10.000ns - aclk rise@0.000ns)
  Data Path Delay:        2.321ns  (logic 0.751ns (32.357%)  route 1.570ns (67.643%))
  Logic Levels:           1  (LUT6=1)
  Clock Path Skew:        -0.145ns (DCD - SCD + CPR)
    Destination Clock Delay (DCD):    2.138ns = ( 12.138 - 10.000 ) 
    Source Clock Delay      (SCD):    2.467ns
    Clock Pessimism Removal (CPR):    0.184ns
  Clock Uncertainty:      0.035ns  ((TSJ^2 + TIJ^2)^1/2 + DJ) / 2 + PE
    Total System Jitter     (TSJ):    0.071ns
    Total Input Jitter      (TIJ):    0.000ns
    Discrete Jitter          (DJ):    0.000ns
    Phase Error              (PE):    0.000ns

    Location             Delay type                Incr(ns)  Path(ns)    Netlist Resource(s)
  -------------------------------------------------------------------    -------------------
                         (clock aclk rise edge)       0.000     0.000 r  <hidden>
                                                      0.000     0.000 r  aclk
                         net (fo=0)                   0.000     0.000    aclk
                         IBUF (Prop_ibuf_I_O)         0.982     0.982 r  aclk_IBUF_inst/O
                         net (fo=1, unplaced)         0.800     1.782    aclk_IBUF
                         BUFG (Prop_bufg_I_O)         0.101     1.883 r  aclk_IBUF_BUFG_inst/O
                         net (fo=181, unplaced)       0.584     2.467    aclk_IBUF_BUFG
                         FDCE                                         r  FSM_sequential_state_reg[0]/C
  -------------------------------------------------------------------    -------------------
                         FDCE (Prop_fdce_C_Q)         0.456     2.923 f  FSM_sequential_state_reg[0]/Q
                         net (fo=20, unplaced)        1.025     3.948    state[0]
                         LUT6 (Prop_lut6_I0_O)        0.295     4.243 r  reg_addr[31]_i_1/O
                         net (fo=33, unplaced)        0.545     4.788    reg_addr[31]_i_1_n_0
                         FDCE                                         r  reg_addr_reg[13]/CE
  -------------------------------------------------------------------    -------------------

                         (clock aclk rise edge)      10.000    10.000 r  <hidden>
                                                      0.000    10.000 r  aclk
                         net (fo=0)                   0.000    10.000    aclk
                         IBUF (Prop_ibuf_I_O)         0.849    10.849 r  aclk_IBUF_inst/O
                         net (fo=1, unplaced)         0.760    11.608    aclk_IBUF
                         BUFG (Prop_bufg_I_O)         0.091    11.699 r  aclk_IBUF_BUFG_inst/O
                         net (fo=181, unplaced)       0.439    12.138    aclk_IBUF_BUFG
                         FDCE                                         r  reg_addr_reg[13]/C
                         clock pessimism              0.184    12.322    <hidden>
                         clock uncertainty           -0.035    12.287    <hidden>
                         FDCE (Setup_fdce_C_CE)      -0.202    12.085    reg_addr_reg[13]
  -------------------------------------------------------------------
                         required time                         12.085    <hidden>
                         arrival time                          -4.788    <hidden>
  -------------------------------------------------------------------
                         slack                                  7.297    <hidden>





Min Delay Paths
--------------------------------------------------------------------------------------
Slack (MET) :             0.151ns  (arrival time - required time)
  Source:                 m_apb_penable_reg/C
                            (rising edge-triggered cell FDCE clocked by aclk  {rise@0.000ns fall@5.000ns period=10.000ns})
  Destination:            m_apb_penable_reg/D
                            (rising edge-triggered cell FDCE clocked by aclk  {rise@0.000ns fall@5.000ns period=10.000ns})
  Path Group:             aclk
  Path Type:              Hold (Min at Fast Process Corner)
  Requirement:            0.000ns  (aclk rise@0.000ns - aclk rise@0.000ns)
  Data Path Delay:        0.387ns  (logic 0.239ns (61.697%)  route 0.148ns (38.303%))
  Logic Levels:           1  (LUT5=1)
  Clock Path Skew:        0.145ns (DCD - SCD - CPR)
    Destination Clock Delay (DCD):    1.043ns
    Source Clock Delay      (SCD):    0.688ns
    Clock Pessimism Removal (CPR):    0.210ns

    Location             Delay type                Incr(ns)  Path(ns)    Netlist Resource(s)
  -------------------------------------------------------------------    -------------------
                         (clock aclk rise edge)       0.000     0.000 r  <hidden>
                                                      0.000     0.000 r  aclk
                         net (fo=0)                   0.000     0.000    aclk
                         IBUF (Prop_ibuf_I_O)         0.211     0.211 r  aclk_IBUF_inst/O
                         net (fo=1, unplaced)         0.337     0.548    aclk_IBUF
                         BUFG (Prop_bufg_I_O)         0.026     0.574 r  aclk_IBUF_BUFG_inst/O
                         net (fo=181, unplaced)       0.114     0.688    aclk_IBUF_BUFG
                         FDCE                                         r  m_apb_penable_reg/C
  -------------------------------------------------------------------    -------------------
                         FDCE (Prop_fdce_C_Q)         0.141     0.829 r  m_apb_penable_reg/Q
                         net (fo=9, unplaced)         0.148     0.978    m_apb_penable_OBUF
                         LUT5 (Prop_lut5_I4_O)        0.098     1.076 r  m_apb_penable_i_1/O
                         net (fo=1, unplaced)         0.000     1.076    m_apb_penable_i_1_n_0
                         FDCE                                         r  m_apb_penable_reg/D
  -------------------------------------------------------------------    -------------------

                         (clock aclk rise edge)       0.000     0.000 r  <hidden>
                                                      0.000     0.000 r  aclk
                         net (fo=0)                   0.000     0.000    aclk
                         IBUF (Prop_ibuf_I_O)         0.400     0.400 r  aclk_IBUF_inst/O
                         net (fo=1, unplaced)         0.355     0.755    aclk_IBUF
                         BUFG (Prop_bufg_I_O)         0.029     0.784 r  aclk_IBUF_BUFG_inst/O
                         net (fo=181, unplaced)       0.259     1.043    aclk_IBUF_BUFG
                         FDCE                                         r  m_apb_penable_reg/C
                         clock pessimism             -0.210     0.833    <hidden>
                         FDCE (Hold_fdce_C_D)         0.091     0.924    m_apb_penable_reg
  -------------------------------------------------------------------
                         required time                         -0.924    <hidden>
                         arrival time                           1.076    <hidden>
  -------------------------------------------------------------------
                         slack                                  0.151    <hidden>

Slack (MET) :             0.154ns  (arrival time - required time)
  Source:                 reg_addr_reg[0]/C
                            (rising edge-triggered cell FDCE clocked by aclk  {rise@0.000ns fall@5.000ns period=10.000ns})
  Destination:            m_apb_paddr_reg[0]/D
                            (rising edge-triggered cell FDCE clocked by aclk  {rise@0.000ns fall@5.000ns period=10.000ns})
  Path Group:             aclk
  Path Type:              Hold (Min at Fast Process Corner)
  Requirement:            0.000ns  (aclk rise@0.000ns - aclk rise@0.000ns)
  Data Path Delay:        0.282ns  (logic 0.141ns (50.038%)  route 0.141ns (49.962%))
  Logic Levels:           0  
  Clock Path Skew:        0.145ns (DCD - SCD - CPR)
    Destination Clock Delay (DCD):    1.043ns
    Source Clock Delay      (SCD):    0.688ns
    Clock Pessimism Removal (CPR):    0.210ns

    Location             Delay type                Incr(ns)  Path(ns)    Netlist Resource(s)
  -------------------------------------------------------------------    -------------------
                         (clock aclk rise edge)       0.000     0.000 r  <hidden>
                                                      0.000     0.000 r  aclk
                         net (fo=0)                   0.000     0.000    aclk
                         IBUF (Prop_ibuf_I_O)         0.211     0.211 r  aclk_IBUF_inst/O
                         net (fo=1, unplaced)         0.337     0.548    aclk_IBUF
                         BUFG (Prop_bufg_I_O)         0.026     0.574 r  aclk_IBUF_BUFG_inst/O
                         net (fo=181, unplaced)       0.114     0.688    aclk_IBUF_BUFG
                         FDCE                                         r  reg_addr_reg[0]/C
  -------------------------------------------------------------------    -------------------
                         FDCE (Prop_fdce_C_Q)         0.141     0.829 r  reg_addr_reg[0]/Q
                         net (fo=1, unplaced)         0.141     0.970    reg_addr[0]
                         FDCE                                         r  m_apb_paddr_reg[0]/D
  -------------------------------------------------------------------    -------------------

                         (clock aclk rise edge)       0.000     0.000 r  <hidden>
                                                      0.000     0.000 r  aclk
                         net (fo=0)                   0.000     0.000    aclk
                         IBUF (Prop_ibuf_I_O)         0.400     0.400 r  aclk_IBUF_inst/O
                         net (fo=1, unplaced)         0.355     0.755    aclk_IBUF
                         BUFG (Prop_bufg_I_O)         0.029     0.784 r  aclk_IBUF_BUFG_inst/O
                         net (fo=181, unplaced)       0.259     1.043    aclk_IBUF_BUFG
                         FDCE                                         r  m_apb_paddr_reg[0]/C
                         clock pessimism             -0.210     0.833    <hidden>
                         FDCE (Hold_fdce_C_D)        -0.017     0.816    m_apb_paddr_reg[0]
  -------------------------------------------------------------------
                         required time                         -0.816    <hidden>
                         arrival time                           0.970    <hidden>
  -------------------------------------------------------------------
                         slack                                  0.154    <hidden>

Slack (MET) :             0.154ns  (arrival time - required time)
  Source:                 reg_addr_reg[10]/C
                            (rising edge-triggered cell FDCE clocked by aclk  {rise@0.000ns fall@5.000ns period=10.000ns})
  Destination:            m_apb_paddr_reg[10]/D
                            (rising edge-triggered cell FDCE clocked by aclk  {rise@0.000ns fall@5.000ns period=10.000ns})
  Path Group:             aclk
  Path Type:              Hold (Min at Fast Process Corner)
  Requirement:            0.000ns  (aclk rise@0.000ns - aclk rise@0.000ns)
  Data Path Delay:        0.282ns  (logic 0.141ns (50.038%)  route 0.141ns (49.962%))
  Logic Levels:           0  
  Clock Path Skew:        0.145ns (DCD - SCD - CPR)
    Destination Clock Delay (DCD):    1.043ns
    Source Clock Delay      (SCD):    0.688ns
    Clock Pessimism Removal (CPR):    0.210ns

    Location             Delay type                Incr(ns)  Path(ns)    Netlist Resource(s)
  -------------------------------------------------------------------    -------------------
                         (clock aclk rise edge)       0.000     0.000 r  <hidden>
                                                      0.000     0.000 r  aclk
                         net (fo=0)                   0.000     0.000    aclk
                         IBUF (Prop_ibuf_I_O)         0.211     0.211 r  aclk_IBUF_inst/O
                         net (fo=1, unplaced)         0.337     0.548    aclk_IBUF
                         BUFG (Prop_bufg_I_O)         0.026     0.574 r  aclk_IBUF_BUFG_inst/O
                         net (fo=181, unplaced)       0.114     0.688    aclk_IBUF_BUFG
                         FDCE                                         r  reg_addr_reg[10]/C
  -------------------------------------------------------------------    -------------------
                         FDCE (Prop_fdce_C_Q)         0.141     0.829 r  reg_addr_reg[10]/Q
                         net (fo=1, unplaced)         0.141     0.970    reg_addr[10]
                         FDCE                                         r  m_apb_paddr_reg[10]/D
  -------------------------------------------------------------------    -------------------

                         (clock aclk rise edge)       0.000     0.000 r  <hidden>
                                                      0.000     0.000 r  aclk
                         net (fo=0)                   0.000     0.000    aclk
                         IBUF (Prop_ibuf_I_O)         0.400     0.400 r  aclk_IBUF_inst/O
                         net (fo=1, unplaced)         0.355     0.755    aclk_IBUF
                         BUFG (Prop_bufg_I_O)         0.029     0.784 r  aclk_IBUF_BUFG_inst/O
                         net (fo=181, unplaced)       0.259     1.043    aclk_IBUF_BUFG
                         FDCE                                         r  m_apb_paddr_reg[10]/C
                         clock pessimism             -0.210     0.833    <hidden>
                         FDCE (Hold_fdce_C_D)        -0.017     0.816    m_apb_paddr_reg[10]
  -------------------------------------------------------------------
                         required time                         -0.816    <hidden>
                         arrival time                           0.970    <hidden>
  -------------------------------------------------------------------
                         slack                                  0.154    <hidden>

Slack (MET) :             0.154ns  (arrival time - required time)
  Source:                 reg_addr_reg[11]/C
                            (rising edge-triggered cell FDCE clocked by aclk  {rise@0.000ns fall@5.000ns period=10.000ns})
  Destination:            m_apb_paddr_reg[11]/D
                            (rising edge-triggered cell FDCE clocked by aclk  {rise@0.000ns fall@5.000ns period=10.000ns})
  Path Group:             aclk
  Path Type:              Hold (Min at Fast Process Corner)
  Requirement:            0.000ns  (aclk rise@0.000ns - aclk rise@0.000ns)
  Data Path Delay:        0.282ns  (logic 0.141ns (50.038%)  route 0.141ns (49.962%))
  Logic Levels:           0  
  Clock Path Skew:        0.145ns (DCD - SCD - CPR)
    Destination Clock Delay (DCD):    1.043ns
    Source Clock Delay      (SCD):    0.688ns
    Clock Pessimism Removal (CPR):    0.210ns

    Location             Delay type                Incr(ns)  Path(ns)    Netlist Resource(s)
  -------------------------------------------------------------------    -------------------
                         (clock aclk rise edge)       0.000     0.000 r  <hidden>
                                                      0.000     0.000 r  aclk
                         net (fo=0)                   0.000     0.000    aclk
                         IBUF (Prop_ibuf_I_O)         0.211     0.211 r  aclk_IBUF_inst/O
                         net (fo=1, unplaced)         0.337     0.548    aclk_IBUF
                         BUFG (Prop_bufg_I_O)         0.026     0.574 r  aclk_IBUF_BUFG_inst/O
                         net (fo=181, unplaced)       0.114     0.688    aclk_IBUF_BUFG
                         FDCE                                         r  reg_addr_reg[11]/C
  -------------------------------------------------------------------    -------------------
                         FDCE (Prop_fdce_C_Q)         0.141     0.829 r  reg_addr_reg[11]/Q
                         net (fo=1, unplaced)         0.141     0.970    reg_addr[11]
                         FDCE                                         r  m_apb_paddr_reg[11]/D
  -------------------------------------------------------------------    -------------------

                         (clock aclk rise edge)       0.000     0.000 r  <hidden>
                                                      0.000     0.000 r  aclk
                         net (fo=0)                   0.000     0.000    aclk
                         IBUF (Prop_ibuf_I_O)         0.400     0.400 r  aclk_IBUF_inst/O
                         net (fo=1, unplaced)         0.355     0.755    aclk_IBUF
                         BUFG (Prop_bufg_I_O)         0.029     0.784 r  aclk_IBUF_BUFG_inst/O
                         net (fo=181, unplaced)       0.259     1.043    aclk_IBUF_BUFG
                         FDCE                                         r  m_apb_paddr_reg[11]/C
                         clock pessimism             -0.210     0.833    <hidden>
                         FDCE (Hold_fdce_C_D)        -0.017     0.816    m_apb_paddr_reg[11]
  -------------------------------------------------------------------
                         required time                         -0.816    <hidden>
                         arrival time                           0.970    <hidden>
  -------------------------------------------------------------------
                         slack                                  0.154    <hidden>

Slack (MET) :             0.154ns  (arrival time - required time)
  Source:                 reg_addr_reg[12]/C
                            (rising edge-triggered cell FDCE clocked by aclk  {rise@0.000ns fall@5.000ns period=10.000ns})
  Destination:            m_apb_paddr_reg[12]/D
                            (rising edge-triggered cell FDCE clocked by aclk  {rise@0.000ns fall@5.000ns period=10.000ns})
  Path Group:             aclk
  Path Type:              Hold (Min at Fast Process Corner)
  Requirement:            0.000ns  (aclk rise@0.000ns - aclk rise@0.000ns)
  Data Path Delay:        0.282ns  (logic 0.141ns (50.038%)  route 0.141ns (49.962%))
  Logic Levels:           0  
  Clock Path Skew:        0.145ns (DCD - SCD - CPR)
    Destination Clock Delay (DCD):    1.043ns
    Source Clock Delay      (SCD):    0.688ns
    Clock Pessimism Removal (CPR):    0.210ns

    Location             Delay type                Incr(ns)  Path(ns)    Netlist Resource(s)
  -------------------------------------------------------------------    -------------------
                         (clock aclk rise edge)       0.000     0.000 r  <hidden>
                                                      0.000     0.000 r  aclk
                         net (fo=0)                   0.000     0.000    aclk
                         IBUF (Prop_ibuf_I_O)         0.211     0.211 r  aclk_IBUF_inst/O
                         net (fo=1, unplaced)         0.337     0.548    aclk_IBUF
                         BUFG (Prop_bufg_I_O)         0.026     0.574 r  aclk_IBUF_BUFG_inst/O
                         net (fo=181, unplaced)       0.114     0.688    aclk_IBUF_BUFG
                         FDCE                                         r  reg_addr_reg[12]/C
  -------------------------------------------------------------------    -------------------
                         FDCE (Prop_fdce_C_Q)         0.141     0.829 r  reg_addr_reg[12]/Q
                         net (fo=1, unplaced)         0.141     0.970    reg_addr[12]
                         FDCE                                         r  m_apb_paddr_reg[12]/D
  -------------------------------------------------------------------    -------------------

                         (clock aclk rise edge)       0.000     0.000 r  <hidden>
                                                      0.000     0.000 r  aclk
                         net (fo=0)                   0.000     0.000    aclk
                         IBUF (Prop_ibuf_I_O)         0.400     0.400 r  aclk_IBUF_inst/O
                         net (fo=1, unplaced)         0.355     0.755    aclk_IBUF
                         BUFG (Prop_bufg_I_O)         0.029     0.784 r  aclk_IBUF_BUFG_inst/O
                         net (fo=181, unplaced)       0.259     1.043    aclk_IBUF_BUFG
                         FDCE                                         r  m_apb_paddr_reg[12]/C
                         clock pessimism             -0.210     0.833    <hidden>
                         FDCE (Hold_fdce_C_D)        -0.017     0.816    m_apb_paddr_reg[12]
  -------------------------------------------------------------------
                         required time                         -0.816    <hidden>
                         arrival time                           0.970    <hidden>
  -------------------------------------------------------------------
                         slack                                  0.154    <hidden>

Slack (MET) :             0.154ns  (arrival time - required time)
  Source:                 reg_addr_reg[13]/C
                            (rising edge-triggered cell FDCE clocked by aclk  {rise@0.000ns fall@5.000ns period=10.000ns})
  Destination:            m_apb_paddr_reg[13]/D
                            (rising edge-triggered cell FDCE clocked by aclk  {rise@0.000ns fall@5.000ns period=10.000ns})
  Path Group:             aclk
  Path Type:              Hold (Min at Fast Process Corner)
  Requirement:            0.000ns  (aclk rise@0.000ns - aclk rise@0.000ns)
  Data Path Delay:        0.282ns  (logic 0.141ns (50.038%)  route 0.141ns (49.962%))
  Logic Levels:           0  
  Clock Path Skew:        0.145ns (DCD - SCD - CPR)
    Destination Clock Delay (DCD):    1.043ns
    Source Clock Delay      (SCD):    0.688ns
    Clock Pessimism Removal (CPR):    0.210ns

    Location             Delay type                Incr(ns)  Path(ns)    Netlist Resource(s)
  -------------------------------------------------------------------    -------------------
                         (clock aclk rise edge)       0.000     0.000 r  <hidden>
                                                      0.000     0.000 r  aclk
                         net (fo=0)                   0.000     0.000    aclk
                         IBUF (Prop_ibuf_I_O)         0.211     0.211 r  aclk_IBUF_inst/O
                         net (fo=1, unplaced)         0.337     0.548    aclk_IBUF
                         BUFG (Prop_bufg_I_O)         0.026     0.574 r  aclk_IBUF_BUFG_inst/O
                         net (fo=181, unplaced)       0.114     0.688    aclk_IBUF_BUFG
                         FDCE                                         r  reg_addr_reg[13]/C
  -------------------------------------------------------------------    -------------------
                         FDCE (Prop_fdce_C_Q)         0.141     0.829 r  reg_addr_reg[13]/Q
                         net (fo=1, unplaced)         0.141     0.970    reg_addr[13]
                         FDCE                                         r  m_apb_paddr_reg[13]/D
  -------------------------------------------------------------------    -------------------

                         (clock aclk rise edge)       0.000     0.000 r  <hidden>
                                                      0.000     0.000 r  aclk
                         net (fo=0)                   0.000     0.000    aclk
                         IBUF (Prop_ibuf_I_O)         0.400     0.400 r  aclk_IBUF_inst/O
                         net (fo=1, unplaced)         0.355     0.755    aclk_IBUF
                         BUFG (Prop_bufg_I_O)         0.029     0.784 r  aclk_IBUF_BUFG_inst/O
                         net (fo=181, unplaced)       0.259     1.043    aclk_IBUF_BUFG
                         FDCE                                         r  m_apb_paddr_reg[13]/C
                         clock pessimism             -0.210     0.833    <hidden>
                         FDCE (Hold_fdce_C_D)        -0.017     0.816    m_apb_paddr_reg[13]
  -------------------------------------------------------------------
                         required time                         -0.816    <hidden>
                         arrival time                           0.970    <hidden>
  -------------------------------------------------------------------
                         slack                                  0.154    <hidden>

Slack (MET) :             0.154ns  (arrival time - required time)
  Source:                 reg_addr_reg[14]/C
                            (rising edge-triggered cell FDCE clocked by aclk  {rise@0.000ns fall@5.000ns period=10.000ns})
  Destination:            m_apb_paddr_reg[14]/D
                            (rising edge-triggered cell FDCE clocked by aclk  {rise@0.000ns fall@5.000ns period=10.000ns})
  Path Group:             aclk
  Path Type:              Hold (Min at Fast Process Corner)
  Requirement:            0.000ns  (aclk rise@0.000ns - aclk rise@0.000ns)
  Data Path Delay:        0.282ns  (logic 0.141ns (50.038%)  route 0.141ns (49.962%))
  Logic Levels:           0  
  Clock Path Skew:        0.145ns (DCD - SCD - CPR)
    Destination Clock Delay (DCD):    1.043ns
    Source Clock Delay      (SCD):    0.688ns
    Clock Pessimism Removal (CPR):    0.210ns

    Location             Delay type                Incr(ns)  Path(ns)    Netlist Resource(s)
  -------------------------------------------------------------------    -------------------
                         (clock aclk rise edge)       0.000     0.000 r  <hidden>
                                                      0.000     0.000 r  aclk
                         net (fo=0)                   0.000     0.000    aclk
                         IBUF (Prop_ibuf_I_O)         0.211     0.211 r  aclk_IBUF_inst/O
                         net (fo=1, unplaced)         0.337     0.548    aclk_IBUF
                         BUFG (Prop_bufg_I_O)         0.026     0.574 r  aclk_IBUF_BUFG_inst/O
                         net (fo=181, unplaced)       0.114     0.688    aclk_IBUF_BUFG
                         FDCE                                         r  reg_addr_reg[14]/C
  -------------------------------------------------------------------    -------------------
                         FDCE (Prop_fdce_C_Q)         0.141     0.829 r  reg_addr_reg[14]/Q
                         net (fo=1, unplaced)         0.141     0.970    reg_addr[14]
                         FDCE                                         r  m_apb_paddr_reg[14]/D
  -------------------------------------------------------------------    -------------------

                         (clock aclk rise edge)       0.000     0.000 r  <hidden>
                                                      0.000     0.000 r  aclk
                         net (fo=0)                   0.000     0.000    aclk
                         IBUF (Prop_ibuf_I_O)         0.400     0.400 r  aclk_IBUF_inst/O
                         net (fo=1, unplaced)         0.355     0.755    aclk_IBUF
                         BUFG (Prop_bufg_I_O)         0.029     0.784 r  aclk_IBUF_BUFG_inst/O
                         net (fo=181, unplaced)       0.259     1.043    aclk_IBUF_BUFG
                         FDCE                                         r  m_apb_paddr_reg[14]/C
                         clock pessimism             -0.210     0.833    <hidden>
                         FDCE (Hold_fdce_C_D)        -0.017     0.816    m_apb_paddr_reg[14]
  -------------------------------------------------------------------
                         required time                         -0.816    <hidden>
                         arrival time                           0.970    <hidden>
  -------------------------------------------------------------------
                         slack                                  0.154    <hidden>

Slack (MET) :             0.154ns  (arrival time - required time)
  Source:                 reg_addr_reg[15]/C
                            (rising edge-triggered cell FDCE clocked by aclk  {rise@0.000ns fall@5.000ns period=10.000ns})
  Destination:            m_apb_paddr_reg[15]/D
                            (rising edge-triggered cell FDCE clocked by aclk  {rise@0.000ns fall@5.000ns period=10.000ns})
  Path Group:             aclk
  Path Type:              Hold (Min at Fast Process Corner)
  Requirement:            0.000ns  (aclk rise@0.000ns - aclk rise@0.000ns)
  Data Path Delay:        0.282ns  (logic 0.141ns (50.038%)  route 0.141ns (49.962%))
  Logic Levels:           0  
  Clock Path Skew:        0.145ns (DCD - SCD - CPR)
    Destination Clock Delay (DCD):    1.043ns
    Source Clock Delay      (SCD):    0.688ns
    Clock Pessimism Removal (CPR):    0.210ns

    Location             Delay type                Incr(ns)  Path(ns)    Netlist Resource(s)
  -------------------------------------------------------------------    -------------------
                         (clock aclk rise edge)       0.000     0.000 r  <hidden>
                                                      0.000     0.000 r  aclk
                         net (fo=0)                   0.000     0.000    aclk
                         IBUF (Prop_ibuf_I_O)         0.211     0.211 r  aclk_IBUF_inst/O
                         net (fo=1, unplaced)         0.337     0.548    aclk_IBUF
                         BUFG (Prop_bufg_I_O)         0.026     0.574 r  aclk_IBUF_BUFG_inst/O
                         net (fo=181, unplaced)       0.114     0.688    aclk_IBUF_BUFG
                         FDCE                                         r  reg_addr_reg[15]/C
  -------------------------------------------------------------------    -------------------
                         FDCE (Prop_fdce_C_Q)         0.141     0.829 r  reg_addr_reg[15]/Q
                         net (fo=1, unplaced)         0.141     0.970    reg_addr[15]
                         FDCE                                         r  m_apb_paddr_reg[15]/D
  -------------------------------------------------------------------    -------------------

                         (clock aclk rise edge)       0.000     0.000 r  <hidden>
                                                      0.000     0.000 r  aclk
                         net (fo=0)                   0.000     0.000    aclk
                         IBUF (Prop_ibuf_I_O)         0.400     0.400 r  aclk_IBUF_inst/O
                         net (fo=1, unplaced)         0.355     0.755    aclk_IBUF
                         BUFG (Prop_bufg_I_O)         0.029     0.784 r  aclk_IBUF_BUFG_inst/O
                         net (fo=181, unplaced)       0.259     1.043    aclk_IBUF_BUFG
                         FDCE                                         r  m_apb_paddr_reg[15]/C
                         clock pessimism             -0.210     0.833    <hidden>
                         FDCE (Hold_fdce_C_D)        -0.017     0.816    m_apb_paddr_reg[15]
  -------------------------------------------------------------------
                         required time                         -0.816    <hidden>
                         arrival time                           0.970    <hidden>
  -------------------------------------------------------------------
                         slack                                  0.154    <hidden>

Slack (MET) :             0.154ns  (arrival time - required time)
  Source:                 reg_addr_reg[16]/C
                            (rising edge-triggered cell FDCE clocked by aclk  {rise@0.000ns fall@5.000ns period=10.000ns})
  Destination:            m_apb_paddr_reg[16]/D
                            (rising edge-triggered cell FDCE clocked by aclk  {rise@0.000ns fall@5.000ns period=10.000ns})
  Path Group:             aclk
  Path Type:              Hold (Min at Fast Process Corner)
  Requirement:            0.000ns  (aclk rise@0.000ns - aclk rise@0.000ns)
  Data Path Delay:        0.282ns  (logic 0.141ns (50.038%)  route 0.141ns (49.962%))
  Logic Levels:           0  
  Clock Path Skew:        0.145ns (DCD - SCD - CPR)
    Destination Clock Delay (DCD):    1.043ns
    Source Clock Delay      (SCD):    0.688ns
    Clock Pessimism Removal (CPR):    0.210ns

    Location             Delay type                Incr(ns)  Path(ns)    Netlist Resource(s)
  -------------------------------------------------------------------    -------------------
                         (clock aclk rise edge)       0.000     0.000 r  <hidden>
                                                      0.000     0.000 r  aclk
                         net (fo=0)                   0.000     0.000    aclk
                         IBUF (Prop_ibuf_I_O)         0.211     0.211 r  aclk_IBUF_inst/O
                         net (fo=1, unplaced)         0.337     0.548    aclk_IBUF
                         BUFG (Prop_bufg_I_O)         0.026     0.574 r  aclk_IBUF_BUFG_inst/O
                         net (fo=181, unplaced)       0.114     0.688    aclk_IBUF_BUFG
                         FDCE                                         r  reg_addr_reg[16]/C
  -------------------------------------------------------------------    -------------------
                         FDCE (Prop_fdce_C_Q)         0.141     0.829 r  reg_addr_reg[16]/Q
                         net (fo=1, unplaced)         0.141     0.970    reg_addr[16]
                         FDCE                                         r  m_apb_paddr_reg[16]/D
  -------------------------------------------------------------------    -------------------

                         (clock aclk rise edge)       0.000     0.000 r  <hidden>
                                                      0.000     0.000 r  aclk
                         net (fo=0)                   0.000     0.000    aclk
                         IBUF (Prop_ibuf_I_O)         0.400     0.400 r  aclk_IBUF_inst/O
                         net (fo=1, unplaced)         0.355     0.755    aclk_IBUF
                         BUFG (Prop_bufg_I_O)         0.029     0.784 r  aclk_IBUF_BUFG_inst/O
                         net (fo=181, unplaced)       0.259     1.043    aclk_IBUF_BUFG
                         FDCE                                         r  m_apb_paddr_reg[16]/C
                         clock pessimism             -0.210     0.833    <hidden>
                         FDCE (Hold_fdce_C_D)        -0.017     0.816    m_apb_paddr_reg[16]
  -------------------------------------------------------------------
                         required time                         -0.816    <hidden>
                         arrival time                           0.970    <hidden>
  -------------------------------------------------------------------
                         slack                                  0.154    <hidden>

Slack (MET) :             0.154ns  (arrival time - required time)
  Source:                 reg_addr_reg[17]/C
                            (rising edge-triggered cell FDCE clocked by aclk  {rise@0.000ns fall@5.000ns period=10.000ns})
  Destination:            m_apb_paddr_reg[17]/D
                            (rising edge-triggered cell FDCE clocked by aclk  {rise@0.000ns fall@5.000ns period=10.000ns})
  Path Group:             aclk
  Path Type:              Hold (Min at Fast Process Corner)
  Requirement:            0.000ns  (aclk rise@0.000ns - aclk rise@0.000ns)
  Data Path Delay:        0.282ns  (logic 0.141ns (50.038%)  route 0.141ns (49.962%))
  Logic Levels:           0  
  Clock Path Skew:        0.145ns (DCD - SCD - CPR)
    Destination Clock Delay (DCD):    1.043ns
    Source Clock Delay      (SCD):    0.688ns
    Clock Pessimism Removal (CPR):    0.210ns

    Location             Delay type                Incr(ns)  Path(ns)    Netlist Resource(s)
  -------------------------------------------------------------------    -------------------
                         (clock aclk rise edge)       0.000     0.000 r  <hidden>
                                                      0.000     0.000 r  aclk
                         net (fo=0)                   0.000     0.000    aclk
                         IBUF (Prop_ibuf_I_O)         0.211     0.211 r  aclk_IBUF_inst/O
                         net (fo=1, unplaced)         0.337     0.548    aclk_IBUF
                         BUFG (Prop_bufg_I_O)         0.026     0.574 r  aclk_IBUF_BUFG_inst/O
                         net (fo=181, unplaced)       0.114     0.688    aclk_IBUF_BUFG
                         FDCE                                         r  reg_addr_reg[17]/C
  -------------------------------------------------------------------    -------------------
                         FDCE (Prop_fdce_C_Q)         0.141     0.829 r  reg_addr_reg[17]/Q
                         net (fo=1, unplaced)         0.141     0.970    reg_addr[17]
                         FDCE                                         r  m_apb_paddr_reg[17]/D
  -------------------------------------------------------------------    -------------------

                         (clock aclk rise edge)       0.000     0.000 r  <hidden>
                                                      0.000     0.000 r  aclk
                         net (fo=0)                   0.000     0.000    aclk
                         IBUF (Prop_ibuf_I_O)         0.400     0.400 r  aclk_IBUF_inst/O
                         net (fo=1, unplaced)         0.355     0.755    aclk_IBUF
                         BUFG (Prop_bufg_I_O)         0.029     0.784 r  aclk_IBUF_BUFG_inst/O
                         net (fo=181, unplaced)       0.259     1.043    aclk_IBUF_BUFG
                         FDCE                                         r  m_apb_paddr_reg[17]/C
                         clock pessimism             -0.210     0.833    <hidden>
                         FDCE (Hold_fdce_C_D)        -0.017     0.816    m_apb_paddr_reg[17]
  -------------------------------------------------------------------
                         required time                         -0.816    <hidden>
                         arrival time                           0.970    <hidden>
  -------------------------------------------------------------------
                         slack                                  0.154    <hidden>





Pulse Width Checks
--------------------------------------------------------------------------------------
Clock Name:         aclk
Waveform(ns):       { 0.000 5.000 }
Period(ns):         10.000
Sources:            { aclk }

Check Type        Corner  Lib Pin  Reference Pin  Required(ns)  Actual(ns)  Slack(ns)  Location  Pin
Min Period        n/a     BUFG/I   n/a            2.155         10.000      7.845                aclk_IBUF_BUFG_inst/I
Min Period        n/a     FDCE/C   n/a            1.000         10.000      9.000                FSM_sequential_state_reg[0]/C
Min Period        n/a     FDCE/C   n/a            1.000         10.000      9.000                FSM_sequential_state_reg[1]/C
Min Period        n/a     FDCE/C   n/a            1.000         10.000      9.000                FSM_sequential_state_reg[2]/C
Min Period        n/a     FDCE/C   n/a            1.000         10.000      9.000                m_apb_paddr_reg[0]/C
Min Period        n/a     FDCE/C   n/a            1.000         10.000      9.000                m_apb_paddr_reg[10]/C
Min Period        n/a     FDCE/C   n/a            1.000         10.000      9.000                m_apb_paddr_reg[11]/C
Min Period        n/a     FDCE/C   n/a            1.000         10.000      9.000                m_apb_paddr_reg[12]/C
Min Period        n/a     FDCE/C   n/a            1.000         10.000      9.000                m_apb_paddr_reg[13]/C
Min Period        n/a     FDCE/C   n/a            1.000         10.000      9.000                m_apb_paddr_reg[14]/C
Low Pulse Width   Slow    FDCE/C   n/a            0.500         5.000       4.500                FSM_sequential_state_reg[0]/C
Low Pulse Width   Fast    FDCE/C   n/a            0.500         5.000       4.500                FSM_sequential_state_reg[0]/C
Low Pulse Width   Slow    FDCE/C   n/a            0.500         5.000       4.500                FSM_sequential_state_reg[1]/C
Low Pulse Width   Fast    FDCE/C   n/a            0.500         5.000       4.500                FSM_sequential_state_reg[1]/C
Low Pulse Width   Slow    FDCE/C   n/a            0.500         5.000       4.500                FSM_sequential_state_reg[2]/C
Low Pulse Width   Fast    FDCE/C   n/a            0.500         5.000       4.500                FSM_sequential_state_reg[2]/C
Low Pulse Width   Slow    FDCE/C   n/a            0.500         5.000       4.500                m_apb_paddr_reg[0]/C
Low Pulse Width   Fast    FDCE/C   n/a            0.500         5.000       4.500                m_apb_paddr_reg[0]/C
Low Pulse Width   Slow    FDCE/C   n/a            0.500         5.000       4.500                m_apb_paddr_reg[10]/C
Low Pulse Width   Fast    FDCE/C   n/a            0.500         5.000       4.500                m_apb_paddr_reg[10]/C
High Pulse Width  Slow    FDCE/C   n/a            0.500         5.000       4.500                FSM_sequential_state_reg[0]/C
High Pulse Width  Fast    FDCE/C   n/a            0.500         5.000       4.500                FSM_sequential_state_reg[0]/C
High Pulse Width  Slow    FDCE/C   n/a            0.500         5.000       4.500                FSM_sequential_state_reg[1]/C
High Pulse Width  Fast    FDCE/C   n/a            0.500         5.000       4.500                FSM_sequential_state_reg[1]/C
High Pulse Width  Slow    FDCE/C   n/a            0.500         5.000       4.500                FSM_sequential_state_reg[2]/C
High Pulse Width  Fast    FDCE/C   n/a            0.500         5.000       4.500                FSM_sequential_state_reg[2]/C
High Pulse Width  Slow    FDCE/C   n/a            0.500         5.000       4.500                m_apb_paddr_reg[0]/C
High Pulse Width  Fast    FDCE/C   n/a            0.500         5.000       4.500                m_apb_paddr_reg[0]/C
High Pulse Width  Slow    FDCE/C   n/a            0.500         5.000       4.500                m_apb_paddr_reg[10]/C
High Pulse Width  Fast    FDCE/C   n/a            0.500         5.000       4.500                m_apb_paddr_reg[10]/C



